[0m17:42:08.324508 [debug] [MainThread]: Sending event: {'category': 'dbt', 'action': 'invocation', 'label': 'start', 'context': [<snowplow_tracker.self_describing_json.SelfDescribingJson object at 0x0000021240B58DA0>, <snowplow_tracker.self_describing_json.SelfDescribingJson object at 0x000002123CBE8710>, <snowplow_tracker.self_describing_json.SelfDescribingJson object at 0x0000021240CE95B0>]}


============================== 17:42:08.332651 | b9673ea7-b0e1-45f1-a24c-d8d7704e7a72 ==============================
[0m17:42:08.332651 [info ] [MainThread]: Running with dbt=1.12.3
[0m17:42:08.335160 [debug] [MainThread]: running dbt with arguments {'version_check': 'True', 'no_print': 'None', 'static_parser': 'True', 'target_path': 'None', 'warn_error_options': 'WarnErrorOptionsV2(error=[], warn=[], silence=[])', 'maximum_seed_size_mib': '1', 'printer_width': '80', 'write_json': 'True', 'empty': 'None', 'log_cache_events': 'False', 'introspect': 'True', 'cache_selected_only': 'False', 'fail_fast': 'False', 'debug': 'False', 'log_format': 'default', 'profiles_dir': 'C:\\Users\\raj.singh\\.dbt', 'send_anonymous_usage_stats': 'True', 'quiet': 'False', 'warn_error': 'None', 'partial_parse': 'True', 'use_colors': 'True', 'hints_enabled': 'True', 'invocation_command': 'dbt debug', 'use_experimental_parser': 'False', 'indirect_selection': 'eager', 'log_path': 'logs'}
[0m17:42:08.421201 [info ] [MainThread]: dbt version: 1.12.3
[0m17:42:08.423208 [info ] [MainThread]: python version: 3.12.7
[0m17:42:08.425216 [info ] [MainThread]: python path: C:\Users\raj.singh\AppData\Local\anaconda3\python.exe
[0m17:42:08.427226 [info ] [MainThread]: os info: Windows-11-10.0.26200-SP0
[0m17:42:08.427226 [info ] [MainThread]: Using profiles dir at C:\Users\raj.singh\.dbt
[0m17:42:08.429236 [info ] [MainThread]: Using profiles.yml file at C:\Users\raj.singh\.dbt\profiles.yml
[0m17:42:08.429236 [info ] [MainThread]: Using dbt_project.yml file at C:\Users\raj.singh\Videos\medallion-architecture\dbt_project.yml
[0m17:42:08.432183 [info ] [MainThread]: Configuration:
[0m17:42:08.434189 [info ] [MainThread]:   profiles.yml file [[31mERROR not found[0m]
[0m17:42:08.437202 [info ] [MainThread]:   dbt_project.yml file [[31mERROR not found[0m]
[0m17:42:08.438524 [info ] [MainThread]: Required dependencies:
[0m17:42:08.439073 [debug] [MainThread]: Executing "git --help"
[0m17:42:08.622906 [debug] [MainThread]: STDOUT: "b"usage: git [-v | --version] [-h | --help] [-C <path>] [-c <name>=<value>]\n           [--exec-path[=<path>]] [--html-path] [--man-path] [--info-path]\n           [-p | --paginate | -P | --no-pager] [--no-replace-objects] [--no-lazy-fetch]\n           [--no-optional-locks] [--no-advice] [--bare] [--git-dir=<path>]\n           [--work-tree=<path>] [--namespace=<name>] [--config-env=<name>=<envvar>]\n           <command> [<args>]\n\nThese are common Git commands used in various situations:\n\nstart a working area (see also: git help tutorial)\n   clone      Clone a repository into a new directory\n   init       Create an empty Git repository or reinitialize an existing one\n\nwork on the current change (see also: git help everyday)\n   add        Add file contents to the index\n   mv         Move or rename a file, a directory, or a symlink\n   restore    Restore working tree files\n   rm         Remove files from the working tree and from the index\n\nexamine the history and state (see also: git help revisions)\n   bisect     Use binary search to find the commit that introduced a bug\n   diff       Show changes between commits, commit and working tree, etc\n   grep       Print lines matching a pattern\n   log        Show commit logs\n   show       Show various types of objects\n   status     Show the working tree status\n\ngrow, mark and tweak your common history\n   backfill   Download missing objects in a partial clone\n   branch     List, create, or delete branches\n   commit     Record changes to the repository\n   history    EXPERIMENTAL: Rewrite history\n   merge      Join two or more development histories together\n   rebase     Reapply commits on top of another base tip\n   reset      Set `HEAD` or the index to a known state\n   switch     Switch branches\n   tag        Create, list, delete or verify tags\n\ncollaborate (see also: git help workflows)\n   fetch      Download objects and refs from another repository\n   pull       Fetch from and integrate with another repository or a local branch\n   push       Update remote refs along with associated objects\n\n'git help -a' and 'git help -g' list available subcommands and some\nconcept guides. See 'git help <command>' or 'git help <concept>'\nto read about a specific subcommand or concept.\nSee 'git help git' for an overview of the system.\n""
[0m17:42:08.622906 [debug] [MainThread]: STDERR: "b''"
[0m17:42:08.624912 [info ] [MainThread]:  - git [[32mOK found[0m]

[0m17:42:08.627847 [info ] [MainThread]: Connection test skipped since no profile was found
[0m17:42:08.629743 [info ] [MainThread]: [31m2 checks failed:[0m
[0m17:42:08.629743 [info ] [MainThread]: dbt looked for a profiles.yml file in C:\Users\raj.singh\.dbt\profiles.yml, but did
not find one. For more information on configuring your profile, consult the
documentation:

https://docs.getdbt.com/docs/configure-your-profile


[0m17:42:08.631752 [info ] [MainThread]: Project loading failed for the following reason:
 project path <C:\Users\raj.singh\Videos\medallion-architecture\dbt_project.yml> not found

[0m17:42:08.633760 [debug] [MainThread]: Command `dbt debug` failed at 17:42:08.633760 after 0.52 seconds
[0m17:42:08.634687 [debug] [MainThread]: Sending event: {'category': 'dbt', 'action': 'invocation', 'label': 'end', 'context': [<snowplow_tracker.self_describing_json.SelfDescribingJson object at 0x0000021240B58DA0>, <snowplow_tracker.self_describing_json.SelfDescribingJson object at 0x000002123BAFDF10>, <snowplow_tracker.self_describing_json.SelfDescribingJson object at 0x0000021240C6A360>]}
[0m17:42:08.635195 [debug] [MainThread]: Flushing usage events
[0m17:42:10.319790 [debug] [MainThread]: An error was encountered while trying to flush usage events
